<testsuites id="" name="" tests="15" failures="0" skipped="0" errors="0" time="14.309439999999999">
<testsuite name="first-test.spec.js" timestamp="2025-06-03T20:27:02.817Z" hostname="chromium" tests="1" failures="0" skipped="0" time="1.026" errors="0">
<testcase name="my first test" classname="first-test.spec.js" time="1.026">
<system-out>
<![CDATA[
[[ATTACHMENT|test-results/first-test-my-first-test-chromium/video.webm]]
]]>
</system-out>
</testcase>
</testsuite>
<testsuite name="loginpagetest.spec.js" timestamp="2025-06-03T20:27:02.817Z" hostname="chromium" tests="2" failures="0" skipped="0" time="1.565" errors="0">
<testcase name="login with page object model" classname="loginpagetest.spec.js" time="1.186">
<system-out>
<![CDATA[
[[ATTACHMENT|test-results/loginpagetest-login-with-page-object-model-chromium/video.webm]]
]]>
</system-out>
</testcase>
<testcase name="login with data-driven strategy" classname="loginpagetest.spec.js" time="0.379">
<system-out>
<![CDATA[
[[ATTACHMENT|test-results/loginpagetest-login-with-data-driven-strategy-chromium/video.webm]]
]]>
</system-out>
</testcase>
</testsuite>
<testsuite name="logintestdatadriven.spec.js" timestamp="2025-06-03T20:27:02.817Z" hostname="chromium" tests="1" failures="0" skipped="0" time="1.19" errors="0">
<testcase name="login with POM and data-driven strategy" classname="logintestdatadriven.spec.js" time="1.19">
<system-out>
<![CDATA[
[[ATTACHMENT|test-results/logintestdatadriven-login-with-POM-and-data-driven-strategy-chromium/video.webm]]
]]>
</system-out>
</testcase>
</testsuite>
<testsuite name="workflow.spec.js" timestamp="2025-06-03T20:27:02.817Z" hostname="chromium" tests="1" failures="0" skipped="0" time="1.928" errors="0">
<testcase name="Login Functionality › shopping journey ~ cart checkout" classname="workflow.spec.js" time="1.928">
<system-out>
<![CDATA[
[[ATTACHMENT|test-results/workflow-Login-Functionality-shopping-journey-cart-checkout-chromium/video.webm]]
]]>
</system-out>
</testcase>
</testsuite>
<testsuite name="first-test.spec.js" timestamp="2025-06-03T20:27:02.817Z" hostname="firefox" tests="1" failures="0" skipped="0" time="2.892" errors="0">
<testcase name="my first test" classname="first-test.spec.js" time="2.892">
<system-out>
<![CDATA[
[[ATTACHMENT|test-results/first-test-my-first-test-firefox/video.webm]]
]]>
</system-out>
</testcase>
</testsuite>
<testsuite name="loginpagetest.spec.js" timestamp="2025-06-03T20:27:02.817Z" hostname="firefox" tests="2" failures="0" skipped="0" time="4.307" errors="0">
<testcase name="login with page object model" classname="loginpagetest.spec.js" time="2.567">
<system-out>
<![CDATA[
[[ATTACHMENT|test-results/loginpagetest-login-with-page-object-model-firefox/video.webm]]
]]>
</system-out>
</testcase>
<testcase name="login with data-driven strategy" classname="loginpagetest.spec.js" time="1.74">
<system-out>
<![CDATA[
[[ATTACHMENT|test-results/loginpagetest-login-with-data-driven-strategy-firefox/video.webm]]
]]>
</system-out>
</testcase>
</testsuite>
<testsuite name="logintestdatadriven.spec.js" timestamp="2025-06-03T20:27:02.817Z" hostname="firefox" tests="1" failures="0" skipped="0" time="3.526" errors="0">
<testcase name="login with POM and data-driven strategy" classname="logintestdatadriven.spec.js" time="3.526">
<system-out>
<![CDATA[
[[ATTACHMENT|test-results/logintestdatadriven-login-with-POM-and-data-driven-strategy-firefox/video.webm]]
]]>
</system-out>
</testcase>
</testsuite>
<testsuite name="workflow.spec.js" timestamp="2025-06-03T20:27:02.817Z" hostname="firefox" tests="1" failures="0" skipped="0" time="4.239" errors="0">
<testcase name="Login Functionality › shopping journey ~ cart checkout" classname="workflow.spec.js" time="4.239">
<system-out>
<![CDATA[
[[ATTACHMENT|test-results/workflow-Login-Functionality-shopping-journey-cart-checkout-firefox/video.webm]]
]]>
</system-out>
</testcase>
</testsuite>
<testsuite name="first-test.spec.js" timestamp="2025-06-03T20:27:02.817Z" hostname="webkit" tests="1" failures="0" skipped="0" time="1.961" errors="0">
<testcase name="my first test" classname="first-test.spec.js" time="1.961">
<system-out>
<![CDATA[
[[ATTACHMENT|test-results/first-test-my-first-test-webkit/video.webm]]
]]>
</system-out>
</testcase>
</testsuite>
<testsuite name="loginpagetest.spec.js" timestamp="2025-06-03T20:27:02.817Z" hostname="webkit" tests="2" failures="0" skipped="0" time="2.674" errors="0">
<testcase name="login with page object model" classname="loginpagetest.spec.js" time="2.058">
<system-out>
<![CDATA[
[[ATTACHMENT|test-results/loginpagetest-login-with-page-object-model-webkit/video.webm]]
]]>
</system-out>
</testcase>
<testcase name="login with data-driven strategy" classname="loginpagetest.spec.js" time="0.616">
<system-out>
<![CDATA[
[[ATTACHMENT|test-results/loginpagetest-login-with-data-driven-strategy-webkit/video.webm]]
]]>
</system-out>
</testcase>
</testsuite>
<testsuite name="logintestdatadriven.spec.js" timestamp="2025-06-03T20:27:02.817Z" hostname="webkit" tests="1" failures="0" skipped="0" time="2.021" errors="0">
<testcase name="login with POM and data-driven strategy" classname="logintestdatadriven.spec.js" time="2.021">
<system-out>
<![CDATA[
[[ATTACHMENT|test-results/logintestdatadriven-login-with-POM-and-data-driven-strategy-webkit/video.webm]]
]]>
</system-out>
</testcase>
</testsuite>
<testsuite name="workflow.spec.js" timestamp="2025-06-03T20:27:02.817Z" hostname="webkit" tests="1" failures="0" skipped="0" time="1.728" errors="0">
<testcase name="Login Functionality › shopping journey ~ cart checkout" classname="workflow.spec.js" time="1.728">
<system-out>
<![CDATA[
[[ATTACHMENT|test-results/workflow-Login-Functionality-shopping-journey-cart-checkout-webkit/video.webm]]
]]>
</system-out>
</testcase>
</testsuite>
</testsuites>